Ô£à Connected DB: postgresql://postgres:***@localhost:5432/legalwise_db
Attempting to create a test order...
Error creating order: (psycopg2.errors.UndefinedColumn) column "shippingAddress" of relation "orders" does not exist
LINE 1: ...rs (id, "clientId", items, "totalAmount", status, "shippingA...
                                                             ^

[SQL: INSERT INTO orders (id, "clientId", items, "totalAmount", status, "shippingAddress", "paymentMethod", "createdAt") VALUES (%(id)s, %(clientId)s, %(items)s::JSON, %(totalAmount)s, %(status)s, %(shippingAddress)s, %(paymentMethod)s, %(createdAt)s)]
[parameters: {'id': 'ff067202-7a4e-4a16-9bfd-30d5585c6adc', 'clientId': 'test-user-id', 'items': '[{"bookId": "123", "title": "Test Book", "price": 10.0, "quantity": 1}]', 'totalAmount': 10.0, 'status': 'completed', 'shippingAddress': '123 Test St', 'paymentMethod': 'card', 'createdAt': '2025-12-31 15:40:20'}]
(Background on this error at: https://sqlalche.me/e/20/f405)
